41550:C 25 Mar 2025 15:21:35.812 # oO0OoO0OoO0Oo Redis is starting oO0OoO0OoO0Oo
41550:C 25 Mar 2025 15:21:35.812 # Redis version=7.0.15, bits=64, commit=00000000, modified=0, pid=41550, just started
41550:C 25 Mar 2025 15:21:35.812 # Configuration loaded
41550:M 25 Mar 2025 15:21:35.813 * monotonic clock: POSIX clock_gettime
41550:M 25 Mar 2025 15:21:35.814 * No cluster configuration found, I'm 2d6a7e47df5a11021c26ddadf6a94a401cfd4fad
41550:M 25 Mar 2025 15:21:35.819 * Running mode=cluster, port=7005.
41550:M 25 Mar 2025 15:21:35.819 # Server initialized
41550:M 25 Mar 2025 15:21:35.819 # WARNING Memory overcommit must be enabled! Without it, a background save or replication may fail under low memory condition. Being disabled, it can can also cause failures without low memory condition, see https://github.com/jemalloc/jemalloc/issues/1328. To fix this issue add 'vm.overcommit_memory = 1' to /etc/sysctl.conf and then reboot or run the command 'sysctl vm.overcommit_memory=1' for this to take effect.
41550:M 25 Mar 2025 15:21:35.820 * Ready to accept connections
41550:signal-handler (1742890921) Received SIGTERM scheduling shutdown...
41550:M 25 Mar 2025 15:22:01.527 # User requested shutdown...
41550:M 25 Mar 2025 15:22:01.527 * Saving the final RDB snapshot before exiting.
41550:M 25 Mar 2025 15:22:01.534 * DB saved on disk
41550:M 25 Mar 2025 15:22:01.534 * Removing the pid file.
41550:M 25 Mar 2025 15:22:01.534 # Redis is now ready to exit, bye bye...
42082:C 25 Mar 2025 15:22:22.724 # oO0OoO0OoO0Oo Redis is starting oO0OoO0OoO0Oo
42082:C 25 Mar 2025 15:22:22.724 # Redis version=7.0.15, bits=64, commit=00000000, modified=0, pid=42082, just started
42082:C 25 Mar 2025 15:22:22.724 # Configuration loaded
42082:M 25 Mar 2025 15:22:22.726 * monotonic clock: POSIX clock_gettime
42082:M 25 Mar 2025 15:22:22.727 * Node configuration loaded, I'm 2d6a7e47df5a11021c26ddadf6a94a401cfd4fad
42082:M 25 Mar 2025 15:22:22.728 * Running mode=cluster, port=7005.
42082:M 25 Mar 2025 15:22:22.728 # Server initialized
42082:M 25 Mar 2025 15:22:22.728 # WARNING Memory overcommit must be enabled! Without it, a background save or replication may fail under low memory condition. Being disabled, it can can also cause failures without low memory condition, see https://github.com/jemalloc/jemalloc/issues/1328. To fix this issue add 'vm.overcommit_memory = 1' to /etc/sysctl.conf and then reboot or run the command 'sysctl vm.overcommit_memory=1' for this to take effect.
42082:M 25 Mar 2025 15:22:22.729 * Loading RDB produced by version 7.0.15
42082:M 25 Mar 2025 15:22:22.729 * RDB age 21 seconds
42082:M 25 Mar 2025 15:22:22.729 * RDB memory usage when created 1.53 Mb
42082:M 25 Mar 2025 15:22:22.730 * Done loading RDB, keys loaded: 0, keys expired: 0.
42082:M 25 Mar 2025 15:22:22.730 * DB loaded from disk: 0.000 seconds
42082:M 25 Mar 2025 15:22:22.730 * Ready to accept connections
43590:C 25 Mar 2025 15:25:48.594 # oO0OoO0OoO0Oo Redis is starting oO0OoO0OoO0Oo
43590:C 25 Mar 2025 15:25:48.594 # Redis version=7.0.15, bits=64, commit=00000000, modified=0, pid=43590, just started
43590:C 25 Mar 2025 15:25:48.594 # Configuration loaded
43590:M 25 Mar 2025 15:25:48.596 * monotonic clock: POSIX clock_gettime
43590:M 25 Mar 2025 15:25:48.596 # Warning: Could not create server TCP listening socket 0.0.0.0:7005: bind: Address already in use
43590:M 25 Mar 2025 15:25:48.596 # Failed listening on port 7005 (TCP), aborting.
43771:C 25 Mar 2025 15:26:09.017 # oO0OoO0OoO0Oo Redis is starting oO0OoO0OoO0Oo
43771:C 25 Mar 2025 15:26:09.017 # Redis version=7.0.15, bits=64, commit=00000000, modified=0, pid=43771, just started
43771:C 25 Mar 2025 15:26:09.017 # Configuration loaded
43771:M 25 Mar 2025 15:26:09.019 * monotonic clock: POSIX clock_gettime
43771:M 25 Mar 2025 15:26:09.019 # Warning: Could not create server TCP listening socket 0.0.0.0:7005: bind: Address already in use
43771:M 25 Mar 2025 15:26:09.019 # Failed listening on port 7005 (TCP), aborting.
44071:C 25 Mar 2025 15:26:36.099 # oO0OoO0OoO0Oo Redis is starting oO0OoO0OoO0Oo
44071:C 25 Mar 2025 15:26:36.099 # Redis version=7.0.15, bits=64, commit=00000000, modified=0, pid=44071, just started
44071:C 25 Mar 2025 15:26:36.099 # Configuration loaded
44071:M 25 Mar 2025 15:26:36.099 * monotonic clock: POSIX clock_gettime
44071:M 25 Mar 2025 15:26:36.100 # Warning: Could not create server TCP listening socket 0.0.0.0:7005: bind: Address already in use
44071:M 25 Mar 2025 15:26:36.100 # Failed listening on port 7005 (TCP), aborting.
