41548:C 25 Mar 2025 15:21:35.800 # oO0OoO0OoO0Oo Redis is starting oO0OoO0OoO0Oo
41548:C 25 Mar 2025 15:21:35.800 # Redis version=7.0.15, bits=64, commit=00000000, modified=0, pid=41548, just started
41548:C 25 Mar 2025 15:21:35.800 # Configuration loaded
41548:M 25 Mar 2025 15:21:35.802 * monotonic clock: POSIX clock_gettime
41548:M 25 Mar 2025 15:21:35.803 * No cluster configuration found, I'm 385807af7d392dc5753224da427891f181b4b076
41548:M 25 Mar 2025 15:21:35.818 * Running mode=cluster, port=7002.
41548:M 25 Mar 2025 15:21:35.818 # Server initialized
41548:M 25 Mar 2025 15:21:35.818 # WARNING Memory overcommit must be enabled! Without it, a background save or replication may fail under low memory condition. Being disabled, it can can also cause failures without low memory condition, see https://github.com/jemalloc/jemalloc/issues/1328. To fix this issue add 'vm.overcommit_memory = 1' to /etc/sysctl.conf and then reboot or run the command 'sysctl vm.overcommit_memory=1' for this to take effect.
41548:M 25 Mar 2025 15:21:35.819 * Ready to accept connections
41548:signal-handler (1742890921) Received SIGTERM scheduling shutdown...
41548:M 25 Mar 2025 15:22:01.527 # User requested shutdown...
41548:M 25 Mar 2025 15:22:01.527 * Saving the final RDB snapshot before exiting.
41548:M 25 Mar 2025 15:22:01.533 * DB saved on disk
41548:M 25 Mar 2025 15:22:01.533 * Removing the pid file.
41548:M 25 Mar 2025 15:22:01.533 # Redis is now ready to exit, bye bye...
42081:C 25 Mar 2025 15:22:22.724 # oO0OoO0OoO0Oo Redis is starting oO0OoO0OoO0Oo
42081:C 25 Mar 2025 15:22:22.724 # Redis version=7.0.15, bits=64, commit=00000000, modified=0, pid=42081, just started
42081:C 25 Mar 2025 15:22:22.724 # Configuration loaded
42081:M 25 Mar 2025 15:22:22.726 * monotonic clock: POSIX clock_gettime
42081:M 25 Mar 2025 15:22:22.727 * Node configuration loaded, I'm 385807af7d392dc5753224da427891f181b4b076
42081:M 25 Mar 2025 15:22:22.728 * Running mode=cluster, port=7002.
42081:M 25 Mar 2025 15:22:22.728 # Server initialized
42081:M 25 Mar 2025 15:22:22.728 # WARNING Memory overcommit must be enabled! Without it, a background save or replication may fail under low memory condition. Being disabled, it can can also cause failures without low memory condition, see https://github.com/jemalloc/jemalloc/issues/1328. To fix this issue add 'vm.overcommit_memory = 1' to /etc/sysctl.conf and then reboot or run the command 'sysctl vm.overcommit_memory=1' for this to take effect.
42081:M 25 Mar 2025 15:22:22.729 * Loading RDB produced by version 7.0.15
42081:M 25 Mar 2025 15:22:22.729 * RDB age 21 seconds
42081:M 25 Mar 2025 15:22:22.729 * RDB memory usage when created 1.53 Mb
42081:M 25 Mar 2025 15:22:22.729 * Done loading RDB, keys loaded: 0, keys expired: 0.
42081:M 25 Mar 2025 15:22:22.729 * DB loaded from disk: 0.000 seconds
42081:M 25 Mar 2025 15:22:22.730 * Ready to accept connections
43593:C 25 Mar 2025 15:25:48.597 # oO0OoO0OoO0Oo Redis is starting oO0OoO0OoO0Oo
43593:C 25 Mar 2025 15:25:48.597 # Redis version=7.0.15, bits=64, commit=00000000, modified=0, pid=43593, just started
43593:C 25 Mar 2025 15:25:48.597 # Configuration loaded
43593:M 25 Mar 2025 15:25:48.599 * monotonic clock: POSIX clock_gettime
43593:M 25 Mar 2025 15:25:48.599 # Warning: Could not create server TCP listening socket 0.0.0.0:7002: bind: Address already in use
43593:M 25 Mar 2025 15:25:48.599 # Failed listening on port 7002 (TCP), aborting.
43767:C 25 Mar 2025 15:26:09.014 # oO0OoO0OoO0Oo Redis is starting oO0OoO0OoO0Oo
43767:C 25 Mar 2025 15:26:09.014 # Redis version=7.0.15, bits=64, commit=00000000, modified=0, pid=43767, just started
43767:C 25 Mar 2025 15:26:09.014 # Configuration loaded
43767:M 25 Mar 2025 15:26:09.016 * monotonic clock: POSIX clock_gettime
43767:M 25 Mar 2025 15:26:09.019 # Warning: Could not create server TCP listening socket 0.0.0.0:7002: bind: Address already in use
43767:M 25 Mar 2025 15:26:09.019 # Failed listening on port 7002 (TCP), aborting.
44072:C 25 Mar 2025 15:26:36.098 # oO0OoO0OoO0Oo Redis is starting oO0OoO0OoO0Oo
44072:C 25 Mar 2025 15:26:36.098 # Redis version=7.0.15, bits=64, commit=00000000, modified=0, pid=44072, just started
44072:C 25 Mar 2025 15:26:36.098 # Configuration loaded
44072:M 25 Mar 2025 15:26:36.098 * monotonic clock: POSIX clock_gettime
44072:M 25 Mar 2025 15:26:36.098 # Warning: Could not create server TCP listening socket 0.0.0.0:7002: bind: Address already in use
44072:M 25 Mar 2025 15:26:36.098 # Failed listening on port 7002 (TCP), aborting.
