42797:C 25 Mar 2025 15:24:01.864 # oO0OoO0OoO0Oo Redis is starting oO0OoO0OoO0Oo
42797:C 25 Mar 2025 15:24:01.865 # Redis version=7.0.15, bits=64, commit=00000000, modified=0, pid=42797, just started
42797:C 25 Mar 2025 15:24:01.865 # Configuration loaded
42797:M 25 Mar 2025 15:24:01.866 * monotonic clock: POSIX clock_gettime
42797:M 25 Mar 2025 15:24:01.867 * No cluster configuration found, I'm 097b5a74163fca92f985d8277153caaca8f1c519
42797:M 25 Mar 2025 15:24:01.874 * Running mode=cluster, port=7007.
42797:M 25 Mar 2025 15:24:01.874 # Server initialized
42797:M 25 Mar 2025 15:24:01.874 # WARNING Memory overcommit must be enabled! Without it, a background save or replication may fail under low memory condition. Being disabled, it can can also cause failures without low memory condition, see https://github.com/jemalloc/jemalloc/issues/1328. To fix this issue add 'vm.overcommit_memory = 1' to /etc/sysctl.conf and then reboot or run the command 'sysctl vm.overcommit_memory=1' for this to take effect.
42797:M 25 Mar 2025 15:24:01.875 * Loading RDB produced by version 7.0.15
42797:M 25 Mar 2025 15:24:01.875 * RDB age 120 seconds
42797:M 25 Mar 2025 15:24:01.875 * RDB memory usage when created 1.53 Mb
42797:M 25 Mar 2025 15:24:01.875 * Done loading RDB, keys loaded: 0, keys expired: 0.
42797:M 25 Mar 2025 15:24:01.875 * DB loaded from disk: 0.000 seconds
42797:M 25 Mar 2025 15:24:01.875 * Ready to accept connections
43118:C 25 Mar 2025 15:24:49.175 # oO0OoO0OoO0Oo Redis is starting oO0OoO0OoO0Oo
43118:C 25 Mar 2025 15:24:49.175 # Redis version=7.0.15, bits=64, commit=00000000, modified=0, pid=43118, just started
43118:C 25 Mar 2025 15:24:49.175 # Configuration loaded
43118:M 25 Mar 2025 15:24:49.176 * monotonic clock: POSIX clock_gettime
43118:M 25 Mar 2025 15:24:49.177 # Warning: Could not create server TCP listening socket 0.0.0.0:7007: bind: Address already in use
43118:M 25 Mar 2025 15:24:49.177 # Failed listening on port 7007 (TCP), aborting.
43416:C 25 Mar 2025 15:25:32.886 # oO0OoO0OoO0Oo Redis is starting oO0OoO0OoO0Oo
43416:C 25 Mar 2025 15:25:32.886 # Redis version=7.0.15, bits=64, commit=00000000, modified=0, pid=43416, just started
43416:C 25 Mar 2025 15:25:32.886 # Configuration loaded
43416:M 25 Mar 2025 15:25:32.888 * monotonic clock: POSIX clock_gettime
43416:M 25 Mar 2025 15:25:32.888 # Warning: Could not create server TCP listening socket 0.0.0.0:7007: bind: Address already in use
43416:M 25 Mar 2025 15:25:32.888 # Failed listening on port 7007 (TCP), aborting.
44075:C 25 Mar 2025 15:26:36.104 # oO0OoO0OoO0Oo Redis is starting oO0OoO0OoO0Oo
44075:C 25 Mar 2025 15:26:36.104 # Redis version=7.0.15, bits=64, commit=00000000, modified=0, pid=44075, just started
44075:C 25 Mar 2025 15:26:36.104 # Configuration loaded
44075:M 25 Mar 2025 15:26:36.104 * monotonic clock: POSIX clock_gettime
44075:M 25 Mar 2025 15:26:36.104 # Warning: Could not create server TCP listening socket 0.0.0.0:7007: bind: Address already in use
44075:M 25 Mar 2025 15:26:36.104 # Failed listening on port 7007 (TCP), aborting.
42797:M 25 Mar 2025 15:26:56.741 # configEpoch set to 8 via CLUSTER SET-CONFIG-EPOCH
42797:M 25 Mar 2025 15:26:56.796 # IP address for this node updated to 127.0.0.1
42797:S 25 Mar 2025 15:27:00.758 * Before turning into a replica, using my own master parameters to synthesize a cached master: I may be able to synchronize with the new master with just a partial transfer.
42797:S 25 Mar 2025 15:27:00.758 * Connecting to MASTER 127.0.0.1:7001
42797:S 25 Mar 2025 15:27:00.758 * MASTER <-> REPLICA sync started
42797:S 25 Mar 2025 15:27:00.758 # Cluster state changed: ok
42797:S 25 Mar 2025 15:27:00.758 * Non blocking connect for SYNC fired the event.
42797:S 25 Mar 2025 15:27:00.759 * Master replied to PING, replication can continue...
42797:S 25 Mar 2025 15:27:00.759 * Trying a partial resynchronization (request 66effb47fe0ecfcd064de24a4e61ebd910dd1fb6:1).
42797:S 25 Mar 2025 15:27:05.241 * Full resync from master: 2f19955f1b212fb188762dd28186a12be7c05ba6:14
42797:S 25 Mar 2025 15:27:05.242 * MASTER <-> REPLICA sync: receiving streamed RDB from master with EOF to disk
42797:S 25 Mar 2025 15:27:05.243 * Discarding previously cached master state.
42797:S 25 Mar 2025 15:27:05.243 * MASTER <-> REPLICA sync: Flushing old data
42797:S 25 Mar 2025 15:27:05.243 * MASTER <-> REPLICA sync: Loading DB in memory
42797:S 25 Mar 2025 15:27:05.250 * Loading RDB produced by version 7.0.15
42797:S 25 Mar 2025 15:27:05.250 * RDB age 0 seconds
42797:S 25 Mar 2025 15:27:05.250 * RDB memory usage when created 1.81 Mb
42797:S 25 Mar 2025 15:27:05.250 * Done loading RDB, keys loaded: 0, keys expired: 0.
42797:S 25 Mar 2025 15:27:05.250 * MASTER <-> REPLICA sync: Finished with success
42797:S 25 Mar 2025 18:41:13.926 # MASTER timeout: no data nor PING received...
42797:S 25 Mar 2025 18:41:13.926 # Connection with master lost.
42797:S 25 Mar 2025 18:41:13.926 * Caching the disconnected master state.
42797:S 25 Mar 2025 18:41:13.926 * Reconnecting to MASTER 127.0.0.1:7001
42797:S 25 Mar 2025 18:41:13.926 * MASTER <-> REPLICA sync started
42797:S 25 Mar 2025 18:41:13.926 * Non blocking connect for SYNC fired the event.
42797:S 25 Mar 2025 18:41:13.927 * Master replied to PING, replication can continue...
42797:S 25 Mar 2025 18:41:13.927 * Trying a partial resynchronization (request 2f19955f1b212fb188762dd28186a12be7c05ba6:13777).
42797:S 25 Mar 2025 18:41:13.927 * Successful partial resynchronization with master.
42797:S 25 Mar 2025 18:41:13.927 * MASTER <-> REPLICA sync: Master accepted a Partial Resynchronization.
42797:S 25 Mar 2025 23:38:10.707 # Connection with master lost.
42797:S 25 Mar 2025 23:38:10.707 * Caching the disconnected master state.
42797:S 25 Mar 2025 23:38:10.707 * Reconnecting to MASTER 127.0.0.1:7001
42797:S 25 Mar 2025 23:38:10.707 * MASTER <-> REPLICA sync started
42797:S 25 Mar 2025 23:38:10.707 * Non blocking connect for SYNC fired the event.
42797:S 25 Mar 2025 23:38:10.707 * Master replied to PING, replication can continue...
42797:S 25 Mar 2025 23:38:10.708 * Trying a partial resynchronization (request 2f19955f1b212fb188762dd28186a12be7c05ba6:36751).
42797:S 25 Mar 2025 23:38:10.708 * Successful partial resynchronization with master.
42797:S 25 Mar 2025 23:38:10.708 * MASTER <-> REPLICA sync: Master accepted a Partial Resynchronization.
42797:S 26 Mar 2025 00:02:37.256 # Connection with master lost.
42797:S 26 Mar 2025 00:02:37.256 * Caching the disconnected master state.
42797:S 26 Mar 2025 00:02:37.256 * Reconnecting to MASTER 127.0.0.1:7001
42797:S 26 Mar 2025 00:02:37.256 * MASTER <-> REPLICA sync started
42797:S 26 Mar 2025 00:02:37.257 * Non blocking connect for SYNC fired the event.
42797:S 26 Mar 2025 00:02:37.269 * Master replied to PING, replication can continue...
42797:S 26 Mar 2025 00:02:37.270 * Trying a partial resynchronization (request 2f19955f1b212fb188762dd28186a12be7c05ba6:36905).
42797:S 26 Mar 2025 00:02:37.271 * Successful partial resynchronization with master.
42797:S 26 Mar 2025 00:02:37.271 * MASTER <-> REPLICA sync: Master accepted a Partial Resynchronization.
42797:S 26 Mar 2025 11:35:15.244 # MASTER timeout: no data nor PING received...
42797:S 26 Mar 2025 11:35:15.246 # Connection with master lost.
42797:S 26 Mar 2025 11:35:15.246 * Caching the disconnected master state.
42797:S 26 Mar 2025 11:35:15.246 * Reconnecting to MASTER 127.0.0.1:7001
42797:S 26 Mar 2025 11:35:15.247 * MASTER <-> REPLICA sync started
42797:S 26 Mar 2025 11:35:15.247 * Non blocking connect for SYNC fired the event.
42797:S 26 Mar 2025 11:35:15.254 * Master replied to PING, replication can continue...
42797:S 26 Mar 2025 11:35:15.255 * Trying a partial resynchronization (request 2f19955f1b212fb188762dd28186a12be7c05ba6:74943).
42797:S 26 Mar 2025 11:35:15.256 * Successful partial resynchronization with master.
42797:S 26 Mar 2025 11:35:15.256 * MASTER <-> REPLICA sync: Master accepted a Partial Resynchronization.
42797:S 26 Mar 2025 14:07:47.241 # Connection with master lost.
42797:S 26 Mar 2025 14:07:47.241 * Caching the disconnected master state.
42797:S 26 Mar 2025 14:07:47.241 * Reconnecting to MASTER 127.0.0.1:7001
42797:S 26 Mar 2025 14:07:47.241 * MASTER <-> REPLICA sync started
42797:S 26 Mar 2025 14:07:47.242 * Non blocking connect for SYNC fired the event.
42797:S 26 Mar 2025 14:07:47.242 * Master replied to PING, replication can continue...
42797:S 26 Mar 2025 14:07:47.248 * Trying a partial resynchronization (request 2f19955f1b212fb188762dd28186a12be7c05ba6:77239).
42797:S 26 Mar 2025 14:07:47.249 * Successful partial resynchronization with master.
42797:S 26 Mar 2025 14:07:47.249 * MASTER <-> REPLICA sync: Master accepted a Partial Resynchronization.
42797:S 26 Mar 2025 15:30:45.341 # MASTER timeout: no data nor PING received...
42797:S 26 Mar 2025 15:30:45.342 # Connection with master lost.
42797:S 26 Mar 2025 15:30:45.342 * Caching the disconnected master state.
42797:S 26 Mar 2025 15:30:45.342 * Reconnecting to MASTER 127.0.0.1:7001
42797:S 26 Mar 2025 15:30:45.343 * MASTER <-> REPLICA sync started
42797:S 26 Mar 2025 15:30:45.343 * Non blocking connect for SYNC fired the event.
42797:S 26 Mar 2025 15:30:45.343 * Master replied to PING, replication can continue...
42797:S 26 Mar 2025 15:30:45.345 * Trying a partial resynchronization (request 2f19955f1b212fb188762dd28186a12be7c05ba6:82139).
42797:S 26 Mar 2025 15:30:45.347 * Successful partial resynchronization with master.
42797:S 26 Mar 2025 15:30:45.347 * MASTER <-> REPLICA sync: Master accepted a Partial Resynchronization.
42797:S 26 Mar 2025 20:47:40.342 # MASTER timeout: no data nor PING received...
42797:S 26 Mar 2025 20:47:40.344 # Connection with master lost.
42797:S 26 Mar 2025 20:47:40.344 * Caching the disconnected master state.
42797:S 26 Mar 2025 20:47:40.344 * Reconnecting to MASTER 127.0.0.1:7001
42797:S 26 Mar 2025 20:47:40.345 * MASTER <-> REPLICA sync started
42797:S 26 Mar 2025 20:47:40.345 * Non blocking connect for SYNC fired the event.
42797:S 26 Mar 2025 20:47:40.347 * Master replied to PING, replication can continue...
42797:S 26 Mar 2025 20:47:40.347 * Trying a partial resynchronization (request 2f19955f1b212fb188762dd28186a12be7c05ba6:105015).
42797:S 26 Mar 2025 20:47:40.348 * Successful partial resynchronization with master.
42797:S 26 Mar 2025 20:47:40.348 * MASTER <-> REPLICA sync: Master accepted a Partial Resynchronization.
42797:S 26 Mar 2025 23:46:37.447 # MASTER timeout: no data nor PING received...
42797:S 26 Mar 2025 23:46:37.447 # Connection with master lost.
42797:S 26 Mar 2025 23:46:37.447 * Caching the disconnected master state.
42797:S 26 Mar 2025 23:46:37.448 * Reconnecting to MASTER 127.0.0.1:7001
42797:S 26 Mar 2025 23:46:37.448 * MASTER <-> REPLICA sync started
42797:S 26 Mar 2025 23:46:37.448 * Non blocking connect for SYNC fired the event.
42797:S 26 Mar 2025 23:46:37.448 * Master replied to PING, replication can continue...
42797:S 26 Mar 2025 23:46:37.448 * Trying a partial resynchronization (request 2f19955f1b212fb188762dd28186a12be7c05ba6:116369).
42797:S 26 Mar 2025 23:46:37.448 * Successful partial resynchronization with master.
42797:S 26 Mar 2025 23:46:37.448 * MASTER <-> REPLICA sync: Master accepted a Partial Resynchronization.
42797:S 27 Mar 2025 12:52:55.314 # Connection with master lost.
42797:S 27 Mar 2025 12:52:55.315 * Caching the disconnected master state.
42797:S 27 Mar 2025 12:52:55.315 * Reconnecting to MASTER 127.0.0.1:7001
42797:S 27 Mar 2025 12:52:55.315 * MASTER <-> REPLICA sync started
42797:S 27 Mar 2025 12:52:55.316 * Non blocking connect for SYNC fired the event.
42797:S 27 Mar 2025 12:52:55.316 * Master replied to PING, replication can continue...
42797:S 27 Mar 2025 12:52:55.317 * Trying a partial resynchronization (request 2f19955f1b212fb188762dd28186a12be7c05ba6:148121).
42797:S 27 Mar 2025 12:52:55.317 * Successful partial resynchronization with master.
42797:S 27 Mar 2025 12:52:55.317 * MASTER <-> REPLICA sync: Master accepted a Partial Resynchronization.
42797:S 27 Mar 2025 21:03:43.548 # MASTER timeout: no data nor PING received...
42797:S 27 Mar 2025 21:03:43.548 # Connection with master lost.
42797:S 27 Mar 2025 21:03:43.548 * Caching the disconnected master state.
42797:S 27 Mar 2025 21:03:43.548 * Reconnecting to MASTER 127.0.0.1:7001
42797:S 27 Mar 2025 21:03:43.548 * MASTER <-> REPLICA sync started
42797:S 27 Mar 2025 21:03:43.548 * Non blocking connect for SYNC fired the event.
42797:S 27 Mar 2025 21:03:43.548 * Master replied to PING, replication can continue...
42797:S 27 Mar 2025 21:03:43.548 * Trying a partial resynchronization (request 2f19955f1b212fb188762dd28186a12be7c05ba6:178655).
42797:S 27 Mar 2025 21:03:43.548 * Successful partial resynchronization with master.
42797:S 27 Mar 2025 21:03:43.548 * MASTER <-> REPLICA sync: Master accepted a Partial Resynchronization.
42797:S 28 Mar 2025 13:37:44.964 # MASTER timeout: no data nor PING received...
42797:S 28 Mar 2025 13:37:44.965 # Connection with master lost.
42797:S 28 Mar 2025 13:37:44.965 * Caching the disconnected master state.
42797:S 28 Mar 2025 13:37:44.965 * Reconnecting to MASTER 127.0.0.1:7001
42797:S 28 Mar 2025 13:37:44.965 * MASTER <-> REPLICA sync started
42797:S 28 Mar 2025 13:37:44.965 * Non blocking connect for SYNC fired the event.
42797:S 28 Mar 2025 13:37:44.965 * Master replied to PING, replication can continue...
42797:S 28 Mar 2025 13:37:44.965 * Trying a partial resynchronization (request 2f19955f1b212fb188762dd28186a12be7c05ba6:222923).
42797:S 28 Mar 2025 13:37:44.965 * Successful partial resynchronization with master.
42797:S 28 Mar 2025 13:37:44.965 * MASTER <-> REPLICA sync: Master accepted a Partial Resynchronization.
42797:S 28 Mar 2025 20:29:06.162 # Connection with master lost.
42797:S 28 Mar 2025 20:29:06.163 * Caching the disconnected master state.
42797:S 28 Mar 2025 20:29:06.163 * Reconnecting to MASTER 127.0.0.1:7001
42797:S 28 Mar 2025 20:29:06.163 * MASTER <-> REPLICA sync started
42797:S 28 Mar 2025 20:29:06.163 * Non blocking connect for SYNC fired the event.
42797:S 28 Mar 2025 20:29:06.164 * Master replied to PING, replication can continue...
42797:S 28 Mar 2025 20:29:06.164 * Trying a partial resynchronization (request 2f19955f1b212fb188762dd28186a12be7c05ba6:245995).
42797:S 28 Mar 2025 20:29:06.164 * Successful partial resynchronization with master.
42797:S 28 Mar 2025 20:29:06.164 * MASTER <-> REPLICA sync: Master accepted a Partial Resynchronization.
42797:S 29 Mar 2025 09:01:42.229 # MASTER timeout: no data nor PING received...
42797:S 29 Mar 2025 09:01:42.231 # Connection with master lost.
42797:S 29 Mar 2025 09:01:42.231 * Caching the disconnected master state.
42797:S 29 Mar 2025 09:01:42.232 * Reconnecting to MASTER 127.0.0.1:7001
42797:S 29 Mar 2025 09:01:42.233 * MASTER <-> REPLICA sync started
42797:S 29 Mar 2025 09:01:42.233 * Non blocking connect for SYNC fired the event.
42797:S 29 Mar 2025 09:01:42.250 * Master replied to PING, replication can continue...
42797:S 29 Mar 2025 09:01:42.268 * Trying a partial resynchronization (request 2f19955f1b212fb188762dd28186a12be7c05ba6:277033).
42797:S 29 Mar 2025 09:01:42.269 * Successful partial resynchronization with master.
42797:S 29 Mar 2025 09:01:42.269 * MASTER <-> REPLICA sync: Master accepted a Partial Resynchronization.
42797:S 29 Mar 2025 09:50:24.324 # MASTER timeout: no data nor PING received...
42797:S 29 Mar 2025 09:50:24.324 # Connection with master lost.
42797:S 29 Mar 2025 09:50:24.324 * Caching the disconnected master state.
42797:S 29 Mar 2025 09:50:24.325 * Reconnecting to MASTER 127.0.0.1:7001
42797:S 29 Mar 2025 09:50:24.325 * MASTER <-> REPLICA sync started
42797:S 29 Mar 2025 09:50:24.325 * Non blocking connect for SYNC fired the event.
42797:S 29 Mar 2025 09:50:24.326 * Master replied to PING, replication can continue...
42797:S 29 Mar 2025 09:50:24.326 * Trying a partial resynchronization (request 2f19955f1b212fb188762dd28186a12be7c05ba6:278335).
42797:S 29 Mar 2025 09:50:24.327 * Successful partial resynchronization with master.
42797:S 29 Mar 2025 09:50:24.327 * MASTER <-> REPLICA sync: Master accepted a Partial Resynchronization.
42797:S 29 Mar 2025 12:29:25.496 # MASTER timeout: no data nor PING received...
42797:S 29 Mar 2025 12:29:25.496 # Connection with master lost.
42797:S 29 Mar 2025 12:29:25.496 * Caching the disconnected master state.
42797:S 29 Mar 2025 12:29:25.496 * Reconnecting to MASTER 127.0.0.1:7001
42797:S 29 Mar 2025 12:29:25.496 * MASTER <-> REPLICA sync started
42797:S 29 Mar 2025 12:29:25.496 * Non blocking connect for SYNC fired the event.
42797:S 29 Mar 2025 12:29:25.497 * Master replied to PING, replication can continue...
42797:S 29 Mar 2025 12:29:25.497 * Trying a partial resynchronization (request 2f19955f1b212fb188762dd28186a12be7c05ba6:281023).
42797:S 29 Mar 2025 12:29:25.497 * Successful partial resynchronization with master.
42797:S 29 Mar 2025 12:29:25.497 * MASTER <-> REPLICA sync: Master accepted a Partial Resynchronization.
42797:S 29 Mar 2025 15:44:20.268 # MASTER timeout: no data nor PING received...
42797:S 29 Mar 2025 15:44:20.268 # Connection with master lost.
42797:S 29 Mar 2025 15:44:20.268 * Caching the disconnected master state.
42797:S 29 Mar 2025 15:44:20.268 * Reconnecting to MASTER 127.0.0.1:7001
42797:S 29 Mar 2025 15:44:20.276 * MASTER <-> REPLICA sync started
42797:S 29 Mar 2025 15:44:20.276 * Non blocking connect for SYNC fired the event.
42797:S 29 Mar 2025 15:44:20.277 * Master replied to PING, replication can continue...
42797:S 29 Mar 2025 15:44:20.278 * Trying a partial resynchronization (request 2f19955f1b212fb188762dd28186a12be7c05ba6:281723).
42797:S 29 Mar 2025 15:44:20.279 * Successful partial resynchronization with master.
42797:S 29 Mar 2025 15:44:20.279 * MASTER <-> REPLICA sync: Master accepted a Partial Resynchronization.
42797:S 29 Mar 2025 17:05:48.117 # Connection with master lost.
42797:S 29 Mar 2025 17:05:48.117 * Caching the disconnected master state.
42797:S 29 Mar 2025 17:05:48.117 * Reconnecting to MASTER 127.0.0.1:7001
42797:S 29 Mar 2025 17:05:48.118 * MASTER <-> REPLICA sync started
42797:S 29 Mar 2025 17:05:48.118 * Non blocking connect for SYNC fired the event.
42797:S 29 Mar 2025 17:05:48.118 * Master replied to PING, replication can continue...
42797:S 29 Mar 2025 17:05:48.118 * Trying a partial resynchronization (request 2f19955f1b212fb188762dd28186a12be7c05ba6:284355).
42797:S 29 Mar 2025 17:05:48.119 * Successful partial resynchronization with master.
42797:S 29 Mar 2025 17:05:48.119 * MASTER <-> REPLICA sync: Master accepted a Partial Resynchronization.
42797:signal-handler (1743242940) Received SIGTERM scheduling shutdown...
42797:S 29 Mar 2025 17:09:00.801 # User requested shutdown...
42797:S 29 Mar 2025 17:09:00.801 * Saving the final RDB snapshot before exiting.
42797:S 29 Mar 2025 17:09:00.816 * DB saved on disk
42797:S 29 Mar 2025 17:09:00.816 * Removing the pid file.
42797:S 29 Mar 2025 17:09:00.816 # Redis is now ready to exit, bye bye...
