41546:C 25 Mar 2025 15:21:35.798 # oO0OoO0OoO0Oo Redis is starting oO0OoO0OoO0Oo
41546:C 25 Mar 2025 15:21:35.798 # Redis version=7.0.15, bits=64, commit=00000000, modified=0, pid=41546, just started
41546:C 25 Mar 2025 15:21:35.798 # Configuration loaded
41546:M 25 Mar 2025 15:21:35.800 * monotonic clock: POSIX clock_gettime
41546:M 25 Mar 2025 15:21:35.802 * No cluster configuration found, I'm c2973fbf01a3d3492573d85d9b5ca6a3acae5a3f
41546:M 25 Mar 2025 15:21:35.816 * Running mode=cluster, port=7008.
41546:M 25 Mar 2025 15:21:35.816 # Server initialized
41546:M 25 Mar 2025 15:21:35.816 # WARNING Memory overcommit must be enabled! Without it, a background save or replication may fail under low memory condition. Being disabled, it can can also cause failures without low memory condition, see https://github.com/jemalloc/jemalloc/issues/1328. To fix this issue add 'vm.overcommit_memory = 1' to /etc/sysctl.conf and then reboot or run the command 'sysctl vm.overcommit_memory=1' for this to take effect.
41546:M 25 Mar 2025 15:21:35.820 * Ready to accept connections
41546:signal-handler (1742890921) Received SIGTERM scheduling shutdown...
41546:M 25 Mar 2025 15:22:01.527 # User requested shutdown...
41546:M 25 Mar 2025 15:22:01.527 * Saving the final RDB snapshot before exiting.
41546:M 25 Mar 2025 15:22:01.533 * DB saved on disk
41546:M 25 Mar 2025 15:22:01.533 * Removing the pid file.
41546:M 25 Mar 2025 15:22:01.533 # Redis is now ready to exit, bye bye...
42083:C 25 Mar 2025 15:22:22.725 # oO0OoO0OoO0Oo Redis is starting oO0OoO0OoO0Oo
42083:C 25 Mar 2025 15:22:22.725 # Redis version=7.0.15, bits=64, commit=00000000, modified=0, pid=42083, just started
42083:C 25 Mar 2025 15:22:22.725 # Configuration loaded
42083:M 25 Mar 2025 15:22:22.727 * monotonic clock: POSIX clock_gettime
42083:M 25 Mar 2025 15:22:22.728 * Node configuration loaded, I'm c2973fbf01a3d3492573d85d9b5ca6a3acae5a3f
42083:M 25 Mar 2025 15:22:22.729 * Running mode=cluster, port=7008.
42083:M 25 Mar 2025 15:22:22.729 # Server initialized
42083:M 25 Mar 2025 15:22:22.729 # WARNING Memory overcommit must be enabled! Without it, a background save or replication may fail under low memory condition. Being disabled, it can can also cause failures without low memory condition, see https://github.com/jemalloc/jemalloc/issues/1328. To fix this issue add 'vm.overcommit_memory = 1' to /etc/sysctl.conf and then reboot or run the command 'sysctl vm.overcommit_memory=1' for this to take effect.
42083:M 25 Mar 2025 15:22:22.730 * Loading RDB produced by version 7.0.15
42083:M 25 Mar 2025 15:22:22.730 * RDB age 21 seconds
42083:M 25 Mar 2025 15:22:22.730 * RDB memory usage when created 1.53 Mb
42083:M 25 Mar 2025 15:22:22.730 * Done loading RDB, keys loaded: 0, keys expired: 0.
42083:M 25 Mar 2025 15:22:22.730 * DB loaded from disk: 0.000 seconds
42083:M 25 Mar 2025 15:22:22.730 * Ready to accept connections
43594:C 25 Mar 2025 15:25:48.600 # oO0OoO0OoO0Oo Redis is starting oO0OoO0OoO0Oo
43594:C 25 Mar 2025 15:25:48.600 # Redis version=7.0.15, bits=64, commit=00000000, modified=0, pid=43594, just started
43594:C 25 Mar 2025 15:25:48.600 # Configuration loaded
43594:M 25 Mar 2025 15:25:48.601 * monotonic clock: POSIX clock_gettime
43594:M 25 Mar 2025 15:25:48.602 # Warning: Could not create server TCP listening socket 0.0.0.0:7008: bind: Address already in use
43594:M 25 Mar 2025 15:25:48.602 # Failed listening on port 7008 (TCP), aborting.
43772:C 25 Mar 2025 15:26:09.019 # oO0OoO0OoO0Oo Redis is starting oO0OoO0OoO0Oo
43772:C 25 Mar 2025 15:26:09.019 # Redis version=7.0.15, bits=64, commit=00000000, modified=0, pid=43772, just started
43772:C 25 Mar 2025 15:26:09.019 # Configuration loaded
43772:M 25 Mar 2025 15:26:09.021 * monotonic clock: POSIX clock_gettime
43772:M 25 Mar 2025 15:26:09.021 # Warning: Could not create server TCP listening socket 0.0.0.0:7008: bind: Address already in use
43772:M 25 Mar 2025 15:26:09.021 # Failed listening on port 7008 (TCP), aborting.
44078:C 25 Mar 2025 15:26:36.105 # oO0OoO0OoO0Oo Redis is starting oO0OoO0OoO0Oo
44078:C 25 Mar 2025 15:26:36.105 # Redis version=7.0.15, bits=64, commit=00000000, modified=0, pid=44078, just started
44078:C 25 Mar 2025 15:26:36.105 # Configuration loaded
44078:M 25 Mar 2025 15:26:36.105 * monotonic clock: POSIX clock_gettime
44078:M 25 Mar 2025 15:26:36.105 # Warning: Could not create server TCP listening socket 0.0.0.0:7008: bind: Address already in use
44078:M 25 Mar 2025 15:26:36.105 # Failed listening on port 7008 (TCP), aborting.
