41545:C 25 Mar 2025 15:21:35.799 # oO0OoO0OoO0Oo Redis is starting oO0OoO0OoO0Oo
41545:C 25 Mar 2025 15:21:35.799 # Redis version=7.0.15, bits=64, commit=00000000, modified=0, pid=41545, just started
41545:C 25 Mar 2025 15:21:35.799 # Configuration loaded
41545:M 25 Mar 2025 15:21:35.800 * monotonic clock: POSIX clock_gettime
41545:M 25 Mar 2025 15:21:35.801 * No cluster configuration found, I'm b2c10f645bb248b92a65cc4037a86e0f78f647e6
41545:M 25 Mar 2025 15:21:35.816 * Running mode=cluster, port=7006.
41545:M 25 Mar 2025 15:21:35.817 # Server initialized
41545:M 25 Mar 2025 15:21:35.817 # WARNING Memory overcommit must be enabled! Without it, a background save or replication may fail under low memory condition. Being disabled, it can can also cause failures without low memory condition, see https://github.com/jemalloc/jemalloc/issues/1328. To fix this issue add 'vm.overcommit_memory = 1' to /etc/sysctl.conf and then reboot or run the command 'sysctl vm.overcommit_memory=1' for this to take effect.
41545:M 25 Mar 2025 15:21:35.819 * Ready to accept connections
41545:signal-handler (1742890921) Received SIGTERM scheduling shutdown...
41545:M 25 Mar 2025 15:22:01.527 # User requested shutdown...
41545:M 25 Mar 2025 15:22:01.527 * Saving the final RDB snapshot before exiting.
41545:M 25 Mar 2025 15:22:01.533 * DB saved on disk
41545:M 25 Mar 2025 15:22:01.533 * Removing the pid file.
41545:M 25 Mar 2025 15:22:01.533 # Redis is now ready to exit, bye bye...
42084:C 25 Mar 2025 15:22:22.725 # oO0OoO0OoO0Oo Redis is starting oO0OoO0OoO0Oo
42084:C 25 Mar 2025 15:22:22.725 # Redis version=7.0.15, bits=64, commit=00000000, modified=0, pid=42084, just started
42084:C 25 Mar 2025 15:22:22.725 # Configuration loaded
42084:M 25 Mar 2025 15:22:22.726 * monotonic clock: POSIX clock_gettime
42084:M 25 Mar 2025 15:22:22.728 * Node configuration loaded, I'm b2c10f645bb248b92a65cc4037a86e0f78f647e6
42084:M 25 Mar 2025 15:22:22.729 * Running mode=cluster, port=7006.
42084:M 25 Mar 2025 15:22:22.729 # Server initialized
42084:M 25 Mar 2025 15:22:22.729 # WARNING Memory overcommit must be enabled! Without it, a background save or replication may fail under low memory condition. Being disabled, it can can also cause failures without low memory condition, see https://github.com/jemalloc/jemalloc/issues/1328. To fix this issue add 'vm.overcommit_memory = 1' to /etc/sysctl.conf and then reboot or run the command 'sysctl vm.overcommit_memory=1' for this to take effect.
42084:M 25 Mar 2025 15:22:22.730 * Loading RDB produced by version 7.0.15
42084:M 25 Mar 2025 15:22:22.730 * RDB age 21 seconds
42084:M 25 Mar 2025 15:22:22.730 * RDB memory usage when created 1.53 Mb
42084:M 25 Mar 2025 15:22:22.730 * Done loading RDB, keys loaded: 0, keys expired: 0.
42084:M 25 Mar 2025 15:22:22.730 * DB loaded from disk: 0.000 seconds
42084:M 25 Mar 2025 15:22:22.730 * Ready to accept connections
43589:C 25 Mar 2025 15:25:48.583 # oO0OoO0OoO0Oo Redis is starting oO0OoO0OoO0Oo
43589:C 25 Mar 2025 15:25:48.583 # Redis version=7.0.15, bits=64, commit=00000000, modified=0, pid=43589, just started
43589:C 25 Mar 2025 15:25:48.583 # Configuration loaded
43589:M 25 Mar 2025 15:25:48.584 * monotonic clock: POSIX clock_gettime
43589:M 25 Mar 2025 15:25:48.585 # Warning: Could not create server TCP listening socket 0.0.0.0:7006: bind: Address already in use
43589:M 25 Mar 2025 15:25:48.585 # Failed listening on port 7006 (TCP), aborting.
43773:C 25 Mar 2025 15:26:09.021 # oO0OoO0OoO0Oo Redis is starting oO0OoO0OoO0Oo
43773:C 25 Mar 2025 15:26:09.021 # Redis version=7.0.15, bits=64, commit=00000000, modified=0, pid=43773, just started
43773:C 25 Mar 2025 15:26:09.021 # Configuration loaded
43773:M 25 Mar 2025 15:26:09.022 * monotonic clock: POSIX clock_gettime
43773:M 25 Mar 2025 15:26:09.023 # Warning: Could not create server TCP listening socket 0.0.0.0:7006: bind: Address already in use
43773:M 25 Mar 2025 15:26:09.023 # Failed listening on port 7006 (TCP), aborting.
44074:C 25 Mar 2025 15:26:36.101 # oO0OoO0OoO0Oo Redis is starting oO0OoO0OoO0Oo
44074:C 25 Mar 2025 15:26:36.101 # Redis version=7.0.15, bits=64, commit=00000000, modified=0, pid=44074, just started
44074:C 25 Mar 2025 15:26:36.101 # Configuration loaded
44074:M 25 Mar 2025 15:26:36.101 * monotonic clock: POSIX clock_gettime
44074:M 25 Mar 2025 15:26:36.102 # Warning: Could not create server TCP listening socket 0.0.0.0:7006: bind: Address already in use
44074:M 25 Mar 2025 15:26:36.102 # Failed listening on port 7006 (TCP), aborting.
